// Jest Snapshot v1, https://goo.gl/fbAQLP

exports[`should render EditExpense Page correctly 1`] = `
<div>
  <ExpenseForm
    expense={
      Object {
        "amount": 3000,
        "createdAt": 86400000,
        "description": "food shopping",
        "id": "4",
        "note": "Bought food for the week",
      }
    }
    onSubmit={[Function]}
  />
  <button
    onClick={[Function]}
  >
    REMOVE
  </button>
</div>
`;
