// Jest Snapshot v1, https://goo.gl/fbAQLP

exports[`Should render Expense List with empty array 1`] = `
<div>
  <p>
    No expenses
  </p>
</div>
`;

exports[`Should render Expense List with expenses 1`] = `
<div>
  <ExpenseListItem
    amount={195}
    createdAt={0}
    description="gum"
    id="1"
    key="1"
    note=""
  />
  <ExpenseListItem
    amount={10000}
    createdAt={-345600000}
    description="rent"
    id="2"
    key="2"
    note=""
  />
  <ExpenseListItem
    amount={4300}
    createdAt={345600000}
    description="credit card"
    id="3"
    key="3"
    note=""
  />
</div>
`;
