// Jest Snapshot v1, https://goo.gl/fbAQLP

exports[`Should render a single Expense List Item 1`] = `
<div>
  <Link
    replace={false}
    to="/edit/4"
  >
    <h3>
      food shopping
    </h3>
  </Link>
  <p>
    Â£30.00
    -
    2nd January, 1970
  </p>
</div>
`;
